[Bootstrap]
SetupTitle=Instalar
SetupText=Copiando archivos, espere.
CabFile=GALENO.CAB
Spawn=Setup1.exe
Uninstal=st6unst.exe
TmpDir=msftqws.pdw
Cabs=1

[Bootstrap Files]
File1=@VB6STKIT.DLL,$(WinSysPathSysFile),,,7/28/98 12:00:00 AM,102912,6.0.81.69
File2=@COMCAT.DLL,$(WinSysPathSysFile),$(DLLSelfRegister),,6/1/98 12:00:00 AM,22288,4.71.1460.1
File3=@MSVCRT40.DLL,$(WinSysPathSysFile),,,6/1/98 12:00:00 AM,326656,4.21.0.0
File4=@VB6ES.DLL,$(WinSysPath),,$(Shared),7/28/98 12:00:00 AM,119568,5.0.81.69
File5=@stdole2.tlb,$(WinSysPathSysFile),$(TLBRegister),,12/16/99 12:00:00 AM,16896,2.40.4512.1
File6=@asycfilt.dll,$(WinSysPathSysFile),,,12/16/99 12:00:00 AM,147728,2.40.4512.1
File7=@olepro32.dll,$(WinSysPathSysFile),$(DLLSelfRegister),,12/16/99 12:00:00 AM,164112,5.0.4512.1
File8=@oleaut32.dll,$(WinSysPathSysFile),$(DLLSelfRegister),,12/16/99 12:00:00 AM,614672,2.40.4512.1
File9=@msvbvm60.dll,$(WinSysPathSysFile),$(DLLSelfRegister),,8/23/01 5:00:00 AM,1388544,6.0.92.37

[IconGroups]
Group0=GALENO
PrivateGroup0=Falso
Parent0=$(Programs)

[GALENO]
Icon1="GALENO.exe"
Title1=GALENO
StartIn1=$(AppPath)

[Setup]
Title=GALENO Versión 1.0
DefaultDir=$(ProgramFiles)\GALENO
AppExe=GALENO.exe
AppToUninstall=GALENO.exe

[Setup1 Files]
File1=@MSXBSE35.DLL,$(WinSysPathSysFile),$(DLLSelfRegister),,11/16/96 8:00:00 PM,290816,3.50.3428.0
File2=@MSTEXT35.DLL,$(WinSysPathSysFile),$(DLLSelfRegister),,11/16/96 8:00:00 PM,166912,3.50.3428.0
File3=@MSPDOX35.DLL,$(WinSysPathSysFile),$(DLLSelfRegister),,10/28/96 8:00:00 PM,253952,3.50.3428.0
File4=@RDO20ES.DLL,$(WinSysPath),,$(Shared),7/28/98 12:00:00 AM,66048,6.0.81.63
File5=@RDOCURS.DLL,$(WinSysPath),,$(Shared),4/3/00 5:52:54 PM,151552,6.0.88.4
File6=@MDAC_TYP.EXE,$(AppPath),,,8/7/98 12:00:00 AM,6477888,4.72.3110.0
File7=@MSRDO20.DLL,$(WinSysPath),$(DLLSelfRegister),$(Shared),5/11/00 1:06:20 PM,397312,6.0.88.62
File8=@MSEXCL35.dll,$(WinSysPathSysFile),$(DLLSelfRegister),,11/16/96 8:00:00 PM,254976,3.50.3428.0
File9=@FM20.DLL,$(WinSysPath),$(DLLSelfRegister),$(Shared),10/18/99 3:01:42 AM,1129232,2.1.7017.1
File10=@DTCRT.DLL,$(WinSysPath),$(DLLSelfRegister),$(Shared),6/23/98 10:59:50 PM,376304,6.0.0.8162
File11=@DBRPRES.DLL,$(WinSysPath),,$(Shared),7/28/98 12:00:00 AM,33280,6.0.81.63
File12=@STDFTES.DLL,$(WinSysPath),,$(Shared),7/31/98 12:00:00 AM,6656,6.0.81.63
File13=@MSSTDFMT.DLL,$(WinSysPath),$(DLLSelfRegister),$(Shared),5/24/00 5:45:58 AM,118784,6.0.84.50
File14=@MSDBRPTR.DLL,$(WinSysPath),$(DLLSelfRegister),$(Shared),6/18/98 12:00:00 AM,299008,6.0.81.69
File15=@p2smon.dll,$(WinSysPath),,$(Shared),3/16/99 12:00:00 PM,189952,7.0.0.61
File16=@crpaig32.dll,$(WinSysPath),,$(Shared),3/16/99 12:00:00 PM,229888,5.0.0.2
File17=@implode.dll,$(AppPath),,,2/14/95 8:11:00 PM,17920,0.0.0.0
File18=@craxdrt.dll,$(WinSysPath),$(DLLSelfRegister),$(Shared),3/16/99 12:00:00 PM,4824064,7.0.1.183
File19=@MSCC2ES.DLL,$(WinSysPath),,$(Shared),7/28/98 12:00:00 AM,60928,6.0.81.63
File20=@MSCOMCT2.OCX,$(WinSysPath),$(DLLSelfRegister),$(Shared),6/26/98 12:00:00 AM,644400,6.0.81.77
File21=@VB5DB.DLL,$(WinSysPath),,$(Shared),6/18/98 12:00:00 AM,89360,6.0.81.69
File22=@MSREPL35.DLL,$(WinSysPathSysFile),,,4/25/98 12:00:00 AM,407312,3.51.623.0
File23=@MSRD2X35.DLL,$(WinSysPathSysFile),$(DLLSelfRegister),,4/25/98 12:00:00 AM,252176,3.51.623.0
File24=@expsrv.dll,$(WinSysPathSysFile),,,12/16/99 12:00:00 AM,379152,6.0.0.8540
File25=@vbajet32.dll,$(WinSysPathSysFile),,,12/16/99 12:00:00 AM,30992,6.0.1.8268
File26=@MSJINT35.DLL,$(WinSysPathSysFile),,,7/8/98 12:00:00 AM,146192,3.51.623.0
File27=@MSJTER35.DLL,$(WinSysPathSysFile),,,4/25/98 12:00:00 AM,24848,3.51.623.0
File28=@MSJET35.DLL,$(WinSysPathSysFile),$(DLLSelfRegister),,4/25/98 12:00:00 AM,1045776,3.51.623.4
File29=@DAO350.DLL,$(MSDAOPath),$(DLLSelfRegister),$(Shared),4/28/98 12:00:00 AM,570128,3.51.1608.0
File30=@CMDLGES.DLL,$(WinSysPath),,$(Shared),7/28/98 12:00:00 AM,33280,6.0.81.63
File31=@Comdlg32.ocx,$(WinSysPath),$(DLLSelfRegister),$(Shared),5/6/99 7:00:00 PM,140288,6.0.84.18
File32=@MSOWC.DLL,$(WinSysPath),$(DLLSelfRegister),$(Shared),10/30/00 7:27:28 PM,3076141,9.0.0.3821
File33=@MSHFGES.DLL,$(WinSysPath),,$(Shared),7/23/98 12:00:00 AM,50176,6.0.30.5
File34=@MSHFLXGD.OCX,$(WinSysPath),$(DLLSelfRegister),$(Shared),6/24/98 12:00:00 AM,407104,6.0.30.5
File35=@MSCMCES.DLL,$(WinSysPath),,$(Shared),7/28/98 12:00:00 AM,140800,6.0.81.63
File36=@Mscomctl.ocx,$(WinSysPath),$(DLLSelfRegister),$(Shared),1/6/99 1:18:14 AM,1057552,6.1.83.41
File37=@DATLSES.DLL,$(WinSysPath),,$(Shared),7/28/98 12:00:00 AM,30208,6.0.81.63
File38=@MSDATLST.OCX,$(WinSysPath),$(DLLSelfRegister),$(Shared),6/24/98 12:00:00 AM,232248,6.0.81.69
File39=@DATGDES.DLL,$(WinSysPath),,$(Shared),7/28/98 12:00:00 AM,30208,6.0.81.63
File40=@MSDATGRD.OCX,$(WinSysPath),$(DLLSelfRegister),$(Shared),6/24/98 12:00:00 AM,260920,6.0.81.69
File41=@MSMSKES.DLL,$(WinSysPath),,$(Shared),7/28/98 12:00:00 AM,20480,6.0.81.63
File42=@MSMASK32.OCX,$(WinSysPath),$(DLLSelfRegister),$(Shared),6/24/98 12:00:00 AM,166200,6.0.81.69
File43=@ADODCES.DLL,$(WinSysPath),,$(Shared),7/28/98 12:00:00 AM,15872,6.0.81.63
File44=@MSADODC.OCX,$(WinSysPath),$(DLLSelfRegister),$(Shared),6/24/98 12:00:00 AM,118064,6.0.81.71
File45=@msado20.tlb,$(WinSysPath),$(DLLSelfRegister),$(Shared),7/26/00 10:31:12 PM,61440,2.60.6526.0
File46=@MSBIND.DLL,$(WinSysPath),$(DLLSelfRegister),$(Shared),6/18/98 12:00:00 AM,77824,6.0.81.69
File47=@odbccp32.dll,$(WinSysPath),,$(Shared),7/26/00 11:37:06 PM,102672,3.520.6526.0
File48=@GALENO.exe,$(AppPath),,$(Shared),2/18/05 2:53:56 PM,4927488,1.0.0.0

; Puede eliminar las siguientes líneas para obtener espacio adicional 
; con el fin de personalizar este archivo en un disco de instalación completa.
; 
; XXXXXXXXXXXXXXXXXXXXXXXXXXXXXXXXXXXXXXXXXXXXXXXXXXXXXXXXXXXX
; XXXXXXXXXXXXXXXXXXXXXXXXXXXXXXXXXXXXXXXXXXXXXXXXXXXXXXXXXXXX
; XXXXXXXXXXXXXXXXXXXXXXXXXXXXXXXXXXXXXXXXXXXXXXXXXXXXXXXXXXXX
; XXXXXXXXXXXXXXXXXXXXXXXXXXXXXXXXXXXXXXXXXXXXXXXXXXXXXXXXXXXX
; XXXXXXXXXXXXXXXXXXXXXXXXXXXXXXXXXXXXXXXXXXXXXXXXXXXXXXXXXXXX
; XXXXXXXXXXXXXXXXXXXXXXXXXXXXXXXXXXXXXXXXXXXXXXXXXXXXXXXXXXXX
; XXXXXXXXXXXXXXXXXXXXXXXXXXXXXXXXXXXXXXXXXXXXXXXXXXXXXXXXXXXX
; XXXXXXXXXXXXXXXXXXXXXXXXXXXXXXXXXXXXXXXXXXXXXXXXXXXXXXXXXXXX
; XXXXXXXXXXXXXXXXXXXXXXXXXXXXXXXXXXXXXXXXXXXXXXXXXXXXXXXXXXXX
; XXXXXXXXXXXXXXXXXXXXXXXXXXXXXXXXXXXXXXXXXXXXXXXXXXXXXXXXXXXX
; XXXXXXXXXXXXXXXXXXXXXXXXXXXXXXXXXXXXXXXXXXXXXXXXXXXXXXXXXXXX
; XXXXXXXXXXXXXXXXXXXXXXXXXXXXXXXXXXXXXXXXXXXXXXXXXXXXXXXXXXXX
; XXXXXXXXXXXXXXXXXXXXXXXXXXXXXXXXXXXXXXXXXXXXXXXXXXXXXXXXXXXX
; XXXXXXXXXXXXXXXXXXXXXXXXXXXXXXXXXXXXXXXXXXXXXXXXXXXXXXXXXXXX
; XXXXXXXXXXXXXXXXXXXXXXXXXXXXXXXXXXXXXXXXXXXXXXXXXXXXXXXXXXXX
; XXXXXXXXXXXXXXXXXXXXXXXXXXXXXXXXXXXXXXXXXXXXXXXXXXXXXXXXXXXX
; XXXXXXXXXXXXXXXXXXXXXXXXXXXXXXXXXXXXXXXXXXXXXXXXXXXXXXXXXXXX
; XXXXXXXXXXXXXXXXXXXXXXXXXXXXXXXXXXXXXXXXXXXXXXXXXXXXXXXXXXXX
; XXXXXXXXXXXXXXXXXXXXXXXXXXXXXXXXXXXXXXXXXXXXXXXXXXXXXXXXXXXX
; XXXXXXXXXXXXXXXXXXXXXXXXXXXXXXXXXXXXXXXXXXXXXXXXXXXXXXXXXXXX
; XXXXXXXXXXXXXXXXXXXXXXXXXXXXXXXXXXXXXXXXXXXXXXXXXXXXXXXXXXXX
; XXXXXXXXXXXXXXXXXXXXXXXXXXXXXXXXXXXXXXXXXXXXXXXXXXXXXXXXXXXX
; XXXXXXXXXXXXXXXXXXXXXXXXXXXXXXXXXXXXXXXXXXXXXXXXXXXXXXXXXXXX
; XXXXXXXXXXXXXXXXXXXXXXXXXXXXXXXXXXXXXXXXXXXXXXXXXXXXXXXXXXXX
; XXXXXXXXXXXXXXXXXXXXXXXXXXXXXXXXXXXXXXXXXXXXXXXXXXXXXXXXXXXX
; XXXXXXXXXXXXXXXXXXXXXXXXXXXXXXXXXXXXXXXXXXXXXXXXXXXXXXXXXXXX
; XXXXXXXXXXXXXXXXXXXXXXXXXXXXXXXXXXXXXXXXXXXXXXXXXXXXXXXXXXXX
; XXXXXXXXXXXXXXXXXXXXXXXXXXXXXXXXXXXXXXXXXXXXXXXXXXXXXXXXXXXX
; XXXXXXXXXXXXXXXXXXXXXXXXXXXXXXXXXXXXXXXXXXXXXXXXXXXXXXXXXXXX
; XXXXXXXXXXXXXXXXXXXXXXXXXXXXXXXXXXXXXXXXXXXXXXXXXXXXXXXXXXXX
; XXXXXXXXXXXXXXXXXXXXXXXXXXXXXXXXXXXXXXXXXXXXXXXXXXXXXXXXXXXX
; XXXXXXXXXXXXXXXXXXXXXXXXXXXXXXXXXXXXXXXXXXXXXXXXXXXXXXXXXXXX
; XXXXXXXXXXXXXXXXXXXXXXXXXXXXXXXXXXXXXXXXXXXXXXXXXXXXXXXXXXXX
; XXXXXXXXXXXXXXXXXXXXXXXXXXXXXXXXXXXXXXXXXXXXXXXXXXXXXXXXXXXX
; XXXXXXXXXXXXXXXXXXXXXXXXXXXXXXXXXXXXXXXXXXXXXXXXXXXXXXXXXXXX
